2026-03-25 10:46:13 | INFO     | bot.cli | GET https://testnet.binancefuture.com/fapi/v1/ping
2026-03-25 10:46:13 | DEBUG    | urllib3.connectionpool | Starting new HTTPS connection (1): testnet.binancefuture.com:443
2026-03-25 10:46:14 | DEBUG    | urllib3.connectionpool | https://testnet.binancefuture.com:443 "GET /fapi/v1/ping HTTP/1.1" 200 2
2026-03-25 10:46:17 | INFO     | bot.cli | CLI place: symbol=XX side=BUY type=MARKET qty=1.0 price=None
2026-03-25 10:46:17 | WARNING  | bot.cli | Validation failed: Symbol must look like BTCUSDT (alphanumeric + USDT suffix), e.g. BTCUSDT, ETHUSDT.
2026-03-25 10:46:18 | INFO     | bot.cli | CLI place: symbol=BTCUSDT side=BUY type=LIMIT qty=0.001 price=None
2026-03-25 10:46:18 | WARNING  | bot.cli | Validation failed: Price is required for LIMIT orders.
2026-03-25 10:46:24 | INFO     | bot.cli | CLI place: symbol=BTCUSDT side=BUY type=MARKET qty=0.001 price=None
2026-03-25 10:46:24 | INFO     | bot.orders | Placing MARKET BUY BTCUSDT qty=0.001 price=None
2026-03-25 10:46:24 | INFO     | bot.client | POST /fapi/v1/order (signed)
2026-03-25 10:46:24 | DEBUG    | bot.client | Request params keys: ['quantity', 'recvWindow', 'side', 'signature', 'symbol', 'timestamp', 'type']
2026-03-25 10:46:24 | DEBUG    | urllib3.connectionpool | Starting new HTTPS connection (1): testnet.binancefuture.com:443
2026-03-25 10:46:24 | DEBUG    | urllib3.connectionpool | https://testnet.binancefuture.com:443 "POST /fapi/v1/order?symbol=BTCUSDT&side=BUY&type=MARKET&quantity=0.001&timestamp=1774415784116&recvWindow=5000&signature=4059b2a7dbda6d108e0c75d51e2b5bd2c983be30dbcb228b26213dfea728bee6 HTTP/1.1" 401 46
2026-03-25 10:46:24 | DEBUG    | bot.client | HTTP 401 body (truncated): {"code":-2014,"msg":"API-key format invalid."}
2026-03-25 10:46:24 | ERROR    | bot.client | API error code=-2014 msg=API-key format invalid.
2026-03-25 10:46:24 | ERROR    | bot.cli | Order failed: API-key format invalid.
Traceback (most recent call last):
  File "/Users/santhoshsatya/Documents/InSla/trading_bot/bot/cli.py", line 121, in place_order_cmd
    resp = place_validated_order(client, validated)
  File "/Users/santhoshsatya/Documents/InSla/trading_bot/bot/orders.py", line 27, in place_validated_order
    resp = client.place_order(
        symbol=order.symbol,
    ...<3 lines>...
        price=order.price,
    )
  File "/Users/santhoshsatya/Documents/InSla/trading_bot/bot/client.py", line 118, in place_order
    return self._signed_post("/fapi/v1/order", params)
           ~~~~~~~~~~~~~~~~~^^^^^^^^^^^^^^^^^^^^^^^^^^
  File "/Users/santhoshsatya/Documents/InSla/trading_bot/bot/client.py", line 85, in _signed_post
    raise BinanceAPIError(msg, code=data["code"], status_code=r.status_code)
bot.exceptions.BinanceAPIError: API-key format invalid.
2026-03-25 10:46:35 | INFO     | bot.cli | CLI place: symbol=BTCUSDT side=BUY type=MARKET qty=0.001 price=None
2026-03-25 10:46:35 | INFO     | bot.orders | Placing MARKET BUY BTCUSDT qty=0.001 price=None
2026-03-25 10:46:35 | INFO     | bot.client | POST /fapi/v1/order (signed)
2026-03-25 10:46:35 | DEBUG    | bot.client | Request params keys: ['quantity', 'recvWindow', 'side', 'signature', 'symbol', 'timestamp', 'type']
2026-03-25 10:46:35 | DEBUG    | urllib3.connectionpool | Starting new HTTPS connection (1): testnet.binancefuture.com:443
2026-03-25 10:46:36 | DEBUG    | urllib3.connectionpool | https://testnet.binancefuture.com:443 "POST /fapi/v1/order?symbol=BTCUSDT&side=BUY&type=MARKET&quantity=0.001&timestamp=1774415795680&recvWindow=5000&signature=fee363b4b86337fc21aafe7dbbabc233db56cd29fd283f1622c06d122053b697 HTTP/1.1" 401 46
2026-03-25 10:46:36 | DEBUG    | bot.client | HTTP 401 body (truncated): {"code":-2014,"msg":"API-key format invalid."}
2026-03-25 10:46:36 | ERROR    | bot.client | API error code=-2014 msg=API-key format invalid.
2026-03-25 10:46:36 | ERROR    | bot.cli | Order failed: API-key format invalid.
2026-03-25 10:46:43 | INFO     | bot.cli | GET https://testnet.binancefuture.com/fapi/v1/ping
2026-03-25 10:46:43 | DEBUG    | urllib3.connectionpool | Starting new HTTPS connection (1): testnet.binancefuture.com:443
2026-03-25 10:46:43 | DEBUG    | urllib3.connectionpool | https://testnet.binancefuture.com:443 "GET /fapi/v1/ping HTTP/1.1" 200 2
2026-03-25 10:46:43 | INFO     | bot.cli | CLI place: symbol=BTCUSDT side=BUY type=MARKET qty=0.001 price=None
2026-03-25 10:46:43 | INFO     | bot.orders | Placing MARKET BUY BTCUSDT qty=0.001 price=None
2026-03-25 10:46:43 | INFO     | bot.client | POST /fapi/v1/order (signed)
2026-03-25 10:46:43 | DEBUG    | bot.client | Request params keys: ['quantity', 'recvWindow', 'side', 'signature', 'symbol', 'timestamp', 'type']
2026-03-25 10:46:43 | DEBUG    | urllib3.connectionpool | Starting new HTTPS connection (1): testnet.binancefuture.com:443
2026-03-25 10:46:43 | DEBUG    | urllib3.connectionpool | https://testnet.binancefuture.com:443 "POST /fapi/v1/order?symbol=BTCUSDT&side=BUY&type=MARKET&quantity=0.001&timestamp=1774415803591&recvWindow=5000&signature=d4e1b4d1342838829498dcaf23875cfd14e6840df07720d78f94061aa3ff1d57 HTTP/1.1" 401 46
2026-03-25 10:46:43 | DEBUG    | bot.client | HTTP 401 body (truncated): {"code":-2014,"msg":"API-key format invalid."}
2026-03-25 10:46:43 | ERROR    | bot.client | API error code=-2014 msg=API-key format invalid.
2026-03-25 10:46:43 | ERROR    | bot.cli | Order failed: API-key format invalid.
2026-03-25 10:49:01 | INFO     | bot.cli | CLI place: symbol=BTCUSDT side=BUY type=STOP qty=0.001 price=50000.0 stop_price=51000.0
2026-03-25 10:49:01 | INFO     | bot.orders | Placing STOP BUY BTCUSDT qty=0.001 price=50000 stop_price=51000
2026-03-25 10:49:01 | INFO     | bot.client | POST /fapi/v1/order (signed)
2026-03-25 10:49:01 | DEBUG    | bot.client | Request params keys: ['price', 'quantity', 'recvWindow', 'side', 'signature', 'stopPrice', 'symbol', 'timeInForce', 'timestamp', 'type']
2026-03-25 10:49:01 | DEBUG    | urllib3.connectionpool | Starting new HTTPS connection (1): testnet.binancefuture.com:443
2026-03-25 10:49:02 | DEBUG    | urllib3.connectionpool | https://testnet.binancefuture.com:443 "POST /fapi/v1/order?symbol=BTCUSDT&side=BUY&type=STOP&quantity=0.001&price=50000&stopPrice=51000&timeInForce=GTC&timestamp=1774415941957&recvWindow=5000&signature=4d99ee33805a97c05c9848a6bf102111d8e0fd6df9310ed3f1fe9b4057acfbbf HTTP/1.1" 401 46
2026-03-25 10:49:02 | DEBUG    | bot.client | HTTP 401 body (truncated): {"code":-2014,"msg":"API-key format invalid."}
2026-03-25 10:49:02 | ERROR    | bot.client | API error code=-2014 msg=API-key format invalid.
2026-03-25 10:49:02 | ERROR    | bot.cli | Order failed: API-key format invalid.
2026-03-25 10:57:31 | INFO     | bot.cli | GET https://testnet.binancefuture.com/fapi/v1/ping
2026-03-25 10:57:31 | DEBUG    | urllib3.connectionpool | Starting new HTTPS connection (1): testnet.binancefuture.com:443
2026-03-25 10:57:31 | DEBUG    | urllib3.connectionpool | https://testnet.binancefuture.com:443 "GET /fapi/v1/ping HTTP/1.1" 200 2
